96.09.30 14:15 B E:\EFF\gen_firs.cgi <-- marco.intf.com /home/ianna/eff gen_first_page.cgi
96.09.30 14:15 B E:\EFF\gen_firs.txt <-- marco.intf.com /home/ianna/eff gen_first_page.txt
96.09.30 14:15 B E:\EFF\generate.cgi <-- marco.intf.com /home/ianna/eff generate_post.cgi
96.09.30 14:15 B E:\EFF\generate.txt <-- marco.intf.com /home/ianna/eff generate_post.txt
96.09.30 14:15 B E:\EFF\get-lst1.txt <-- marco.intf.com /home/ianna/eff get-lst1.txt
96.09.30 14:15 B E:\EFF\get-lst2.txt <-- marco.intf.com /home/ianna/eff get-lst2.txt
96.09.30 14:15 B E:\EFF\post_res.cgi <-- marco.intf.com /home/ianna/eff post_response.cgi
96.09.30 14:15 B E:\EFF\post_res.txt <-- marco.intf.com /home/ianna/eff post_response.txt
96.09.30 14:15 B E:\EFF\submit_p.txt <-- marco.intf.com /home/ianna/eff submit_post.txt
96.09.30 14:16 B E:\EFF\gen_firs.cgi <-- marco.intf.com /home/ianna/eff gen_first_page.cgi
96.09.30 14:16 A E:\EFF\gen_firs.txt <-- marco.intf.com /home/ianna/eff gen_first_page.txt
96.09.30 14:16 B E:\EFF\generate.cgi <-- marco.intf.com /home/ianna/eff generate_post.cgi
96.09.30 14:16 A E:\EFF\generate.txt <-- marco.intf.com /home/ianna/eff generate_post.txt
96.09.30 14:16 A E:\EFF\get-lst1.txt <-- marco.intf.com /home/ianna/eff get-lst1.txt
96.09.30 14:16 A E:\EFF\get-lst2.txt <-- marco.intf.com /home/ianna/eff get-lst2.txt
96.09.30 14:16 B E:\EFF\post_res.cgi <-- marco.intf.com /home/ianna/eff post_response.cgi
96.09.30 14:16 A E:\EFF\post_res.txt <-- marco.intf.com /home/ianna/eff post_response.txt
96.09.30 14:16 A E:\EFF\submit_p.txt <-- marco.intf.com /home/ianna/eff submit_post.txt
96.09.30 14:16 A E:\EFF\define_v.txt <-- marco.intf.com /home/ianna/eff/stampa define_variables.txt
96.09.30 14:16 A E:\EFF\eff-frm1.htm <-- marco.intf.com /home/ianna/eff/stampa eff-frm1.html
96.09.30 14:16 A E:\EFF\eff-frm2.htm <-- marco.intf.com /home/ianna/eff/stampa eff-frm2.html
96.09.30 14:16 B E:\EFF\eff_form.pl <-- marco.intf.com /home/ianna/eff/stampa eff_form.pl
96.09.30 14:16 A E:\EFF\feedback.htm <-- marco.intf.com /home/ianna/eff/stampa feedback.html
96.09.30 14:16 B E:\EFF\feedback.pl <-- marco.intf.com /home/ianna/eff/stampa feedback.pl
96.09.30 14:16 B E:\EFF\frontpag.cgi <-- marco.intf.com /home/ianna/eff/stampa frontpage.cgi
96.09.30 14:16 A E:\EFF\frontpag.txt <-- marco.intf.com /home/ianna/eff/stampa frontpage.txt
96.09.30 14:16 B E:\EFF\gen_firs.cgi <-- marco.intf.com /home/ianna/eff/stampa gen_first_page.cgi
96.09.30 14:16 A E:\EFF\gen_firs.txt <-- marco.intf.com /home/ianna/eff/stampa gen_first_page.txt
96.09.30 14:17 B E:\EFF\generate.cgi <-- marco.intf.com /home/ianna/eff/stampa generate_post.cgi
96.09.30 14:17 A E:\EFF\generate.txt <-- marco.intf.com /home/ianna/eff/stampa generate_post.txt
96.09.30 14:17 A E:\EFF\get-lst1.txt <-- marco.intf.com /home/ianna/eff/stampa get-lst1.txt
96.09.30 14:17 A E:\EFF\get-lst2.txt <-- marco.intf.com /home/ianna/eff/stampa get-lst2.txt
96.09.30 14:17 B E:\EFF\post_res.cgi <-- marco.intf.com /home/ianna/eff/stampa post_response.cgi
96.09.30 14:17 A E:\EFF\post_res.txt <-- marco.intf.com /home/ianna/eff/stampa post_response.txt
96.09.30 14:17 A E:\EFF\submit_p.txt <-- marco.intf.com /home/ianna/eff/stampa submit_post.txt
96.09.30 14:17 B E:\EFF\wais.pl <-- marco.intf.com /home/ianna/eff/stampa wais.pl
